"V01.00.000"
"$_Languages"
"9(1) Ó¢Óï(ÃÀ¹ú)","7(1) µÂÓï(µÂ¹ú)"
"$_Timestamp"
"04.09.2019  18:45:28","04.09.2019  18:45:28"
"$_Typ(InterfaceComment)"
"From Channel 1","von Kanal 1"
"Feed disable A.no.51000-510015","Vorschubsperre A.-Nr.51000-510015"
"Feed and read-in disable A.no.510100-510131","Vorschub-Einlesesperre A.-Nr.510100-510131"
"Read-in disable A.no.510200-510231","Einlesesperre A.-Nr.510200-510231"
"NC start disable A.no.510300-510315","NC-Start-Sperre A.-Nr.510300-510315"
"Feed stop GEOaxis 1 A.no.511100-511115","Vorschub Halt GEOachse 1 A.-Nr.511100-511115"
"Feed stop GEOaxis 2 A.no.511200-511215","Vorschub Halt GEOachse 2 A.-Nr.511200-511215"
"Feed stop GEOaxis 3 A.no.511300-511315","Vorschub Halt GEOachse 3 A.-Nr.511300-511315"
"From Channel 2","von Kanal 2"
"Feed disable A.no.520000-520015","Vorschubsperre A.-Nr.520000-520015"
"Feed and read-in disable A.no.520100-520131","Vorschub-Einlesesperre A.-Nr.520100-520131"
"Read-in disable A.no.520200-520231","Einlesesperre A.-Nr.520200-520231"
"NC start disable A.no.520300-520315","NC-Start-Sperre A.-Nr.520300-520315"
"Feed stop GEOaxis 1 A.no.521100-521115","Vorschub Halt GEOachse 1 A.-Nr.521100-521115"
"Feed stop GEOaxis 2 A.no.521200-521215","Vorschub Halt GEOachse 2 A.-Nr.521200-521215"
"Feed stop GEOaxis 3 A.no.521300-521315","Vorschub Halt GEOachse 3 A.-Nr.521300-521315"
"From Channel 3","von Kanal 3"
"Feed disable A.no.530000-530015","Vorschubsperre A.-Nr.530000-530015"
"Feed and read-in disable A.no.530100-530131","Vorschub-Einlesesperre A.-Nr.530100-530131"
"Read-in disable A.no.530200-530231","Einlesesperre A.-Nr.530200-530231"
"NC start disable A.no.530300-530315","NC-Start-Sperre A.-Nr.530300-530315"
"Feed stop GEOaxis 1 A.no.531100-531115","Vorschub Halt GEOachse 1 A.-Nr.531100-531115"
"Feed stop GEOaxis 2 A.no.531200-531215","Vorschub Halt GEOachse 2 A.-Nr.531200-531215"
"Feed stop GEOaxis 3 A.no.531300-531315","Vorschub Halt GEOachse 3 A.-Nr.531300-531315"
"From Channel 4","von Kanal 4"
"Feed disable A.no.540000-540015","Vorschubsperre A.-Nr.540000-540015"
"Feed and read-in disable A.no.540100-540131","Vorschub-Einlesesperre A.-Nr.540100-540131"
"Read-in disable A.no.540200-540231","Einlesesperre A.-Nr.540200-540231"
"NC start disable A.no.540300-540315","NC-Start-Sperre A.-Nr.540300-540315"
"Feed stop GEOaxis 1 A.no.541100-541115","Vorschub Halt GEOachse 1 A.-Nr.541100-541115"
"Feed stop GEOaxis 2 A.no.541200-541215","Vorschub Halt GEOachse 2 A.-Nr.541200-541215"
"Feed stop GEOaxis 3 A.no.541300-541315","Vorschub Halt GEOachse 3 A.-Nr.541300-541315"
"From Channel 5","von Kanal 5"
"Feed disable A.no.550000-550015","Vorschubsperre A.-Nr.550000-550015"
"Feed and read-in disable A.no.550100-550131","Vorschub-Einlesesperre A.-Nr.550100-550131"
"Read-in disable A.no.550200-550231","Einlesesperre A.-Nr.550200-550231"
"NC start disable A.no.550300-550315","NC-Start-Sperre A.-Nr.550300-550315"
"Feed stop GEOaxis 1 A.no.551100-551115","Vorschub Halt GEOachse 1 A.-Nr.551100-551115"
"Feed stop GEOaxis 2 A.no.551200-551215","Vorschub Halt GEOachse 2 A.-Nr.551200-551215"
"Feed stop GEOaxis 3 A.no.551300-551315","Vorschub Halt GEOachse 3 A.-Nr.551300-551315"
"From Channel 6","von Kanal 6"
"Feed disable A.no.560000-560015","Vorschubsperre A.-Nr.560000-560015"
"Feed and read-in disable A.no.560100-560131","Vorschub-Einlesesperre A.-Nr.560100-560131"
"Read-in disable A.no.560200-560231","Einlesesperre A.-Nr.560200-560231"
"NC start disable A.no.560300-560315","NC-Start-Sperre A.-Nr.560300-560315"
"Feed stop GEOaxis 1 A.no.561100-561115","Vorschub Halt GEOachse 1 A.-Nr.561100-561115"
"Feed stop GEOaxis 2 A.no.561200-561215","Vorschub Halt GEOachse 2 A.-Nr.561200-561215"
"Feed stop GEOaxis 3 A.no.561300-561315","Vorschub Halt GEOachse 3 A.-Nr.561300-561315"
"From Channel 7","von Kanal 7"
"Feed disable A.no.570000-570015","Vorschubsperre A.-Nr.570000-570015"
"Feed and read-in disable A.no.570100-570131","Vorschub-Einlesesperre A.-Nr.570100-570131"
"Read-in disable A.no.570200-570231","Einlesesperre A.-Nr.570200-570231"
"NC start disable A.no.570300-570315","NC-Start-Sperre A.-Nr.570300-570315"
"Feed stop GEOaxis 1 A.no.571100-511115","Vorschub Halt GEOachse 1 A.-Nr.571100-511115"
"Feed stop GEOaxis 2 A.no.571200-511215","Vorschub Halt GEOachse 2 A.-Nr.571200-511215"
"Feed stop GEOaxis 3 A.no.571300-511315","Vorschub Halt GEOachse 3 A.-Nr.571300-511315"
"From Channel 8","von Kanal 8"
"Feed disable A.no.580000-580015","Vorschubsperre A.-Nr.580000-580015"
"Feed and read-in disable A.no.580100-510131","Vorschub-Einlesesperre A.-Nr.580100-510131"
"Read-in disable A.no.580200-580231","Einlesesperre A.-Nr.580200-580231"
"NC start disable A.no.580300-580315","NC-Start-Sperre A.-Nr.580300-580315"
"Feed stop GEOaxis 1 A.no.581100-511115","Vorschub Halt GEOachse 1 A.-Nr.581100-511115"
"Feed stop GEOaxis 2 A.no.581200-511215","Vorschub Halt GEOachse 2 A.-Nr.581200-511215"
"Feed stop GEOaxis 3 A.no.581300-511315","Vorschub Halt GEOachse 3 A.-Nr.581300-511315"
"Feed stop axis/spindle 1","Vorschub-Halt Achse/Spindel 1"
"Feed stop axis/spindle 2","Vorschub-Halt Achse/Spindel 2"
"Feed stop axis/spindle 3","Vorschub-Halt Achse/Spindel 3"
"Feed stop axis/spindle 4","Vorschub-Halt Achse/Spindel 4"
"Feed stop axis/spindle 5","Vorschub-Halt Achse/Spindel 5"
"Feed stop axis/spindle 6","Vorschub-Halt Achse/Spindel 6"
"Feed stop axis/spindle 7","Vorschub-Halt Achse/Spindel 7"
"Feed stop axis/spindle 8","Vorschub-Halt Achse/Spindel 8"
"Feed stop axis/spindle 9","Vorschub-Halt Achse/Spindel 9"
"Feed stop axis/spindle 10","Vorschub-Halt Achse/Spindel 10"
"Feed stop axis/spindle 11","Vorschub-Halt Achse/Spindel 11"
"Feed stop axis/spindle 12","Vorschub-Halt Achse/Spindel 12"
"Feed stop axis/spindle 13","Vorschub-Halt Achse/Spindel 13"
"Feed stop axis/spindle 14","Vorschub-Halt Achse/Spindel 14"
"Feed stop axis/spindle 15","Vorschub-Halt Achse/Spindel 15"
"Feed stop axis/spindle 16","Vorschub-Halt Achse/Spindel 16"
"Feed stop axis/spindle 17","Vorschub-Halt Achse/Spindel 17"
"Feed stop axis/spindle 18","Vorschub-Halt Achse/Spindel 18"
"Alarm 700000-700063 (user area 0)","Alarm 700000-700063 (Anwenderbereich 0)"
"Alarm 700100-700163 (user area 1)","Alarm 700100-700163 (Anwenderbereich 1)"
"Alarm 700200-700263 (user area 2)","Alarm 700200-700263 (Anwenderbereich 2)"
"Alarm 700300-700363 (user area 3)","Alarm 700300-700363 (Anwenderbereich 3)"
"Alarm 700400-700463 (user area 4)","Alarm 700400-700463 (Anwenderbereich 4)"
"Alarm 700500-700563 (user area 5","Alarm 700500-700563 (Anwenderbereich 5"
"Alarm 700600-700663 (user area 6)","Alarm 700600-700663 (Anwenderbereich 6)"
"Alarm 700700-700763 (user area 7)","Alarm 700700-700763 (Anwenderbereich 7)"
"Alarm 700800-700863 (user area 8)","Alarm 700800-700863 (Anwenderbereich 8)"
"Alarm 700900-700963 (user area 9)","Alarm 700900-700963 (Anwenderbereich 9)"
"Disable digi. NCK input 1","Sperren digi. NCK Eingang 1"
"Disable digi. NCK input 2","Sperren digi. NCK Eingang 2"
"Disable digi. NCK input 3","Sperren digi. NCK Eingang 3"
"Disable digi. NCK input 4","Sperren digi. NCK Eingang 4"
"Disable digi. NCK input 5","Sperren digi. NCK Eingang 5"
"Disable digi. NCK input 6","Sperren digi. NCK Eingang 6"
"Disable digi. NCK input 7","Sperren digi. NCK Eingang 7"
"Disable digi. NCK input 8 ","Sperren digi. NCK Eingang 8 "
"Set digi. NCK input 1","Setzen digi. NCK Eingang 1"
"Set digi. NCK input 2","Setzen digi. NCK Eingang 2"
"Set digi. NCK input 3","Setzen digi. NCK Eingang 3"
"Set digi. NCK input 4","Setzen digi. NCK Eingang 4"
"Set digi. NCK input 5","Setzen digi. NCK Eingang 5"
"Set digi. NCK input 6","Setzen digi. NCK Eingang 6"
"Set digi. NCK input 7","Setzen digi. NCK Eingang 7"
"Set digi. NCK input 8","Setzen digi. NCK Eingang 8"
"Reserved","reserviert"
"Disable digi. NCK output 1","Sperren digi. NCK Ausgang 1"
"Disable digi. NCK output 2","Sperren digi. NCK Ausgang 2"
"Disable digi. NCK output 3","Sperren digi. NCK Ausgang 3"
"Disable digi. NCK output 4","Sperren digi. NCK Ausgang 4"
"Disable digi. NCK output 5","Sperren digi. NCK Ausgang 5"
"Disable digi. NCK output 6","Sperren digi. NCK Ausgang 6"
"Disable digi. NCK output 7","Sperren digi. NCK Ausgang 7"
"Disable digi. NCK output 8 ","Sperren digi. NCK Ausgang 8 "
"Overwrite mask of digi. output 1","Ueberschreibungsmaske der digi. Ausgan 1"
"Overwrite mask of digi. output 2","Ueberschreibungsmaske der digi. Ausgan 2"
"Overwrite mask of digi. output 3","Ueberschreibungsmaske der digi. Ausgan 3"
"Overwrite mask of digi. output 4","Ueberschreibungsmaske der digi. Ausgan 4"
"Overwrite mask of digi. output 5","Ueberschreibungsmaske der digi. Ausgan 5"
"Overwrite mask of digi. output 6","Ueberschreibungsmaske der digi. Ausgan 6"
"Overwrite mask of digi. output 7","Ueberschreibungsmaske der digi. Ausgan 7"
"Overwrite mask of digi. output 8","Ueberschreibungsmaske der digi. Ausgan 8"
"Set digi. NCK output 1","Setzen digi. NCK Ausgang 1"
"Set digi. NCK output 2","Setzen digi. NCK Ausgang 2"
"Set digi. NCK output 3","Setzen digi. NCK Ausgang 3"
"Set digi. NCK output 4","Setzen digi. NCK Ausgang 4"
"Set digi. NCK output 5","Setzen digi. NCK Ausgang 5"
"Set digi. NCK output 6","Setzen digi. NCK Ausgang 6"
"Set digi. NCK output 7","Setzen digi. NCK Ausgang 7"
"Set digi. NCK output 8","Setzen digi. NCK Ausgang 8"
"Input mask of digi. output 1","Vorgabemaske der digi. Ausgang 1"
"Input mask of digi. output 2","Vorgabemaske der digi. Ausgang 2"
"Input mask of digi. output 3","Vorgabemaske der digi. Ausgang 3"
"Input mask of digi. output 4","Vorgabemaske der digi. Ausgang 4"
"Input mask of digi. output 5","Vorgabemaske der digi. Ausgang 5"
"Input mask of digi. output 6","Vorgabemaske der digi. Ausgang 6"
"Input mask of digi. output 7","Vorgabemaske der digi. Ausgang 7"
"Input mask of digi. output 8 ","Vorgabemaske der digi. Ausgang 8 "
"Axis No. Table MCP1","Maschinen-Achsnummern Tabelle für FC 19, 24, 25, 26 (1.MSTT)"
"max. of Axisno, must be smaller or equal gp_par.MaxAxis","Obergrenze der Maschinen-Achsnummern"
"Axis No. Table MCP2","Maschinen-Achsnummern Tabelle für FC 19, 24, 25, 26 (2.MSTT)"
"Emergency stop                        ","Not-Aus                        "
"Acknowledge emergency stop                      ","Not-Aus quttieren                     "
"Keyswitch position 0","Schlüsselschalter Stellung 0"
"Keyswitch position 1","Schlüsselschalter Stellung 1"
"Keyswitch position 2","Schlüsselschalter Stellung 2"
"Keyswitch position 3","Schlüsselschalter Stellung 3"
"INC inputs in mode group area active","INC-Eingänge im Bereich BAG aktiv"
"PC shutdown 840Di","PC shutdown (nur 840Di)"
"Actual value of digi. NCK input 1","Istwert für digitalen NCK Eingang1"
"Actual value of digi. NCK input 2","Istwert für digitalen NCK Eingang2"
"Actual value of digi. NCK input 3","Istwert für digitalen NCK Eingang3"
"Actual value of digi. NCK input 4","Istwert für digitalen NCK Eingang4"
"Setpoint of digi. NCK output 1","Sollwert für digitalen NCK Ausgang1"
"Setpoint of digi. NCK output 2","Sollwert für digitalen NCK Ausgang2"
"Setpoint of digi. NCK output 3","Sollwert für digitalen NCK Ausgang3"
"Setpoint of digi. NCK output 4","Sollwert für digitalen NCK Ausgang4"
"Setpoint of digi. NCK output 5","Sollwert für digitalen NCK Ausgang5"
"Setpoint of digi. NCK output 6","Sollwert für digitalen NCK Ausgang6"
"Setpoint of digi. NCK output 7","Sollwert für digitalen NCK Ausgang7"
"Setpoint of digi. NCK output 8","Sollwert für digitalen NCK Ausgang8"
"Handwheel 1 moved","Handrad 1 wird bewegt"
"Handwheel 2 moved","Handrad 2 wird bewegt"
"Handwheel 3 moved","Handrad 3 wird bewegt"
"Modification counter inch/metric system of units","Änderungszähler Maßsystem inch/metrisch"
"from HT6","vom HT6"
"Axistable from HT6","Maschinenachsnummer vom HT6"
"Channel number for handwheel1 A","Kanalnummer für Handrad1 A"
"Channel number for handwheel1 B","Kanalnummer für Handrad1 B"
"Channel number for handwheel1 C","Kanalnummer für Handrad1 C"
"Channel number for handwheel1 D","Kanalnummer für Handrad1 D"
"Channel number for handwheel2 A","Kanalnummer für Handrad2 A"
"Channel number for handwheel2 B","Kanalnummer für Handrad2 B"
"Channel number for handwheel2 C","Kanalnummer für Handrad2 C"
"Channel number for handwheel2 D","Kanalnummer für Handrad2 D"
"Channel number for handwheel3 A","Kanalnummer für Handrad3 A"
"Channel number for handwheel3 B","Kanalnummer für Handrad3 B"
"Channel number for handwheel3 C","Kanalnummer für Handrad3 C"
"Channel number for handwheel3 D","Kanalnummer für Handrad3 D"
"Axis number for handwheel1 A","Achsnummer für Handrad1 A"
"Axis number for handwheel1 B","Achsnummer für Handrad1 B"
"Axis number for handwheel1 C","Achsnummer für Handrad1 C"
"Axis number for handwheel1 D","Achsnummer für Handrad1 D"
"Axis number for handwheel1 E","Achsnummer für Handrad1 E"
"Contour handwheel selected","Kontur-Handradangewählt"
"Handwheel selected","Handradangewählt"
"Machine axis","Maschineachse"
"Axis number for handwheel2 A","Achsnummer für Handrad2 A"
"Axis number for handwheel2 B","Achsnummer für Handrad2 B"
"Axis number for handwheel2 C","Achsnummer für Handrad2 C"
"Axis number for handwheel2 D","Achsnummer für Handrad2 D"
"Axis number for handwheel2 E","Achsnummer für Handrad2 E"
"Axis number for handwheel3 A","Achsnummer für Handrad3 A"
"Axis number for handwheel3 B","Achsnummer für Handrad3 B"
"Axis number for handwheel3 C","Achsnummer für Handrad3 C"
"Axis number for handwheel3 D","Achsnummer für Handrad3 D"
"Axis number for handwheel3 E","Achsnummer für Handrad3 E"
"Remote Diagnostic","Ferndiagnose aktiv"
"AT-box ready","AT-Box ready"
"MMC temperature limit ","MMC Temperatur- grenze "
"MMC 101/102 battery alarm ","MMC-101/102 Batteriealarm "
"MCP1 ready;","NCK-CPU ready"
"MCP2 ready;","NOT-AUS aktiv"
"BHG ready;","BGH bereit"
"NCK CPU ready","NCK CPU ready"
"EMERGENCY STOP active","NOT Aus aktiv"
"Inspection probe 1 actuated","Meßtaster 1 betätigt"
"Inspection probe 2 actuated","Meßtaster 2 betätigt"
"NCU link active","NCU link aktiv"
"System inch dimension","System inch-Ma?"
"MMC2-CPU ready","MMC2-CPU ready"
"MMC1-CPU on MPI ready","MMC-CPU an MPI ready"
"MMC1-CPU on BTSS ready","MMC-CPU an BTSS ready"
"Drives in cylindric operation","Antriebe im zyklischen Betrieb"
"611D ready","611D ready"
"NCK alarm present","NCK-Alarm steht an"
"PC operating system fault, 840Di","PC-Betriebssystemfehler"
"Heat sink temperature alarm NCU 573","Kühlkörper-Temperaturalarm NCU 573"
"Air temperature alarm","Lufttemperaturalarm"
"NCK battery alarm","NCK-Batteriealarm"
"Software cams minus [0..31]","Softwarenocken Minus [0..31]"
"Software cams plus [0..31]","Softwarenocken Plus [0..31]"
"Disable digi. NCK input 9","Sperren digi. NCK Eingang 9"
"Disable digi. NCK input 10","Sperren digi. NCK Eingang 10"
"Disable digi. NCK input 11","Sperren digi. NCK Eingang 11"
"Disable digi. NCK input 12","Sperren digi. NCK Eingang 12"
"Disable digi. NCK input 13","Sperren digi. NCK Eingang 13"
"Disable digi. NCK input 14","Sperren digi. NCK Eingang 14"
"Disable digi. NCK input 15","Sperren digi. NCK Eingang 15"
"Disable digi. NCK input 16","Sperren digi. NCK Eingang 16"
"Set digi. NCK input 9","Setzen digi. NCK Eingang 9"
"Set digi. NCK input 10","Setzen digi. NCK Eingang 10"
"Set digi. NCK input 11","Setzen digi. NCK Eingang 11"
"Set digi. NCK input 12","Setzen digi. NCK Eingang 12"
"Set digi. NCK input 13","Setzen digi. NCK Eingang 13"
"Set digi. NCK input 14","Setzen digi. NCK Eingang 14"
"Set digi. NCK input 15","Setzen digi. NCK Eingang 15"
"Set digi. NCK input 16","Setzen digi. NCK Eingang 16"
"Disable digi. NCK input 17","Sperren digi. NCK Eingang 17"
"Disable digi. NCK input 18","Sperren digi. NCK Eingang 18"
"Disable digi. NCK input 19","Sperren digi. NCK Eingang 19"
"Disable digi. NCK input 20","Sperren digi. NCK Eingang 20"
"Disable digi. NCK input 21","Sperren digi. NCK Eingang 21"
"Disable digi. NCK input 22","Sperren digi. NCK Eingang 22"
"Disable digi. NCK input 23","Sperren digi. NCK Eingang 23"
"Disable digi. NCK input 24","Sperren digi. NCK Eingang 24"
"Set digi. NCK input 17","Setzen digi. NCK Eingang 17"
"Set digi. NCK input 18","Setzen digi. NCK Eingang 18"
"Set digi. NCK input 19","Setzen digi. NCK Eingang 19"
"Set digi. NCK input 20","Setzen digi. NCK Eingang 20"
"Set digi. NCK input 21","Setzen digi. NCK Eingang 21"
"Set digi. NCK input 22","Setzen digi. NCK Eingang 22"
"Set digi. NCK input 23","Setzen digi. NCK Eingang 23"
"Set digi. NCK input 24","Setzen digi. NCK Eingang 24"
"Disable digi. NCK input 25","Sperren digi. NCK Eingang 25"
"Disable digi. NCK input 26","Sperren digi. NCK Eingang 26"
"Disable digi. NCK input 27","Sperren digi. NCK Eingang 27"
"Disable digi. NCK input 28","Sperren digi. NCK Eingang 28"
"Disable digi. NCK input 29","Sperren digi. NCK Eingang 29"
"Disable digi. NCK input 30","Sperren digi. NCK Eingang 30"
"Disable digi. NCK input 31","Sperren digi. NCK Eingang 31"
"Disable digi. NCK input 32","Sperren digi. NCK Eingang 32"
"Set digi. NCK input 25","Setzen digi. NCK Eingang 25"
"Set digi. NCK input 26","Setzen digi. NCK Eingang 26"
"Set digi. NCK input 27","Setzen digi. NCK Eingang 27"
"Set digi. NCK input 28","Setzen digi. NCK Eingang 28"
"Set digi. NCK input 29","Setzen digi. NCK Eingang 29"
"Set digi. NCK input 30","Setzen digi. NCK Eingang 30"
"Set digi. NCK input 31","Setzen digi. NCK Eingang 31"
"Set digi. NCK input 32","Setzen digi. NCK Eingang 32"
"Disable digi. NCK input 33","Sperren digi. NCK Eingang 33"
"Disable digi. NCK input 34","Sperren digi. NCK Eingang 34"
"Disable digi. NCK input 35","Sperren digi. NCK Eingang 35"
"Disable digi. NCK input 36","Sperren digi. NCK Eingang 36"
"Disable digi. NCK input 37","Sperren digi. NCK Eingang 37"
"Disable digi. NCK input 38","Sperren digi. NCK Eingang 38"
"Disable digi. NCK input 39","Sperren digi. NCK Eingang 39"
"Disable digi. NCK input 40","Sperren digi. NCK Eingang 40"
"Set digi. NCK input 33","Setzen digi. NCK Eingang 33"
"Set digi. NCK input 34","Setzen digi. NCK Eingang 34"
"Set digi. NCK input 35","Setzen digi. NCK Eingang 35"
"Set digi. NCK input 36","Setzen digi. NCK Eingang 36"
"Set digi. NCK input 37","Setzen digi. NCK Eingang 37"
"Set digi. NCK input 38","Setzen digi. NCK Eingang 38"
"Set digi. NCK input 39","Setzen digi. NCK Eingang 39"
"Set digi. NCK input 40","Setzen digi. NCK Eingang 40"
"Disable digi. NCK output 9","Sperren digi. NCK Ausgang 9"
"Disable digi. NCK output 10","Sperren digi. NCK Ausgang 10"
"Disable digi. NCK output 11 ","Sperren digi. NCK Ausgang 11 "
"Disable digi. NCK output 12","Sperren digi. NCK Ausgang 12"
"Disable digi. NCK output 13 ","Sperren digi. NCK Ausgang 13 "
"Disable digi. NCK output 14 ","Sperren digi. NCK Ausgang 14 "
"Disable digi. NCK output 15 ","Sperren digi. NCK Ausgang 15 "
"Disable digi. NCK output 16 ","Sperren digi. NCK Ausgang 16 "
"Overwrite mask of digi. output 9","Ueberschreibungsmaske der digi. Ausgang 9"
"Overwrite mask of digi. output 10","Ueberschreibungsmaske der digi. Ausgang 10"
"Overwrite mask of digi. output 11","Ueberschreibungsmaske der digi. Ausgang 11"
"Overwrite mask of digi. output 12","Ueberschreibungsmaske der digi. Ausgang 12"
"Overwrite mask of digi. output 13","Ueberschreibungsmaske der digi. Ausgang 13"
"Overwrite mask of digi. output 14","Ueberschreibungsmaske der digi. Ausgang 14"
"Overwrite mask of digi. output 15","Ueberschreibungsmaske der digi. Ausgang 15"
"Overwrite mask of digi. output 16","Ueberschreibungsmaske der digi. Ausgang 16"
"Set value digi. NCK output 9","Setzwert digi. NCK Ausgang 9"
"Set value digi. NCK output 10","Setzwert digi. NCK Ausgang 10"
"Set value digi. NCK output 11","Setzwert digi. NCK Ausgang 11"
"Set value digi. NCK output 12","Setzwert digi. NCK Ausgang 12"
"Set value digi. NCK output 13","Setzwert digi. NCK Ausgang 13"
"Set value digi. NCK output 14","Setzwert digi. NCK Ausgang 14"
"Set value digi. NCK output 15","Setzwert digi. NCK Ausgang 15"
"Set value digi. NCK output 16","Setzwert digi. NCK Ausgang 16"
"Input mask of digi. output 9","Vorgabemaske der digi. Ausgang 9"
"Input mask of digi. output 10","Vorgabemaske der digi. Ausgang 10"
"Input mask of digi. output 11","Vorgabemaske der digi. Ausgang 11"
"Input mask of digi. output 12","Vorgabemaske der digi. Ausgang 12"
"Input mask of digi. output 13","Vorgabemaske der digi. Ausgang 13"
"Input mask of digi. output 14","Vorgabemaske der digi. Ausgang 14"
"Input mask of digi. output 15","Vorgabemaske der digi. Ausgang 15"
"Input mask of digi. output 16","Vorgabemaske der digi. Ausgang 16"
"Disable digi. NCK output 17","Sperren digi. NCK Ausgang 17"
"Disable digi. NCK output 18","Sperren digi. NCK Ausgang 18"
"Disable digi. NCK output 19 ","Sperren digi. NCK Ausgang 19 "
"Disable digi. NCK output 20","Sperren digi. NCK Ausgang 20"
"Disable digi. NCK output 21 ","Sperren digi. NCK Ausgang 21 "
"Disable digi. NCK output 22 ","Sperren digi. NCK Ausgang 22 "
"Disable digi. NCK output 23 ","Sperren digi. NCK Ausgang 23 "
"Disable digi. NCK output 24 ","Sperren digi. NCK Ausgang 24 "
"Overwrite mask of digi. output 17","Ueberschreibungsmaske der digi. Ausgang 17"
"Overwrite mask of digi. output 18","Ueberschreibungsmaske der digi. Ausgang 18"
"Overwrite mask of digi. output 19","Ueberschreibungsmaske der digi. Ausgang 19"
"Overwrite mask of digi. output 20","Ueberschreibungsmaske der digi. Ausgang 20"
"Overwrite mask of digi. output 21","Ueberschreibungsmaske der digi. Ausgang 21"
"Overwrite mask of digi. output 22","Ueberschreibungsmaske der digi. Ausgang 22"
"Overwrite mask of digi. output 23","Ueberschreibungsmaske der digi. Ausgang 23"
"Overwrite mask of digi. output 24","Ueberschreibungsmaske der digi. Ausgang 24"
"Set value digi. NCK output 17","Setzwert digi. NCK Ausgang 17"
"Set value digi. NCK output 18","Setzwert digi. NCK Ausgang 18"
"Set value digi. NCK output 19","Setzwert digi. NCK Ausgang 19"
"Set value digi. NCK output 20","Setzwert digi. NCK Ausgang 20"
"Set value digi. NCK output 21","Setzwert digi. NCK Ausgang 21"
"Set value digi. NCK output 22","Setzwert digi. NCK Ausgang 22"
"Set value digi. NCK output 23","Setzwert digi. NCK Ausgang 23"
"Set value digi. NCK output 24","Setzwert digi. NCK Ausgang 24"
"Input mask of digi. output 17","Vorgabemaske der digi. Ausgang 17"
"Input mask of digi. output 18","Vorgabemaske der digi. Ausgang 18"
"Input mask of digi. output 19","Vorgabemaske der digi. Ausgang 19"
"Input mask of digi. output 20","Vorgabemaske der digi. Ausgang 20"
"Input mask of digi. output 21","Vorgabemaske der digi. Ausgang 21"
"Input mask of digi. output 22","Vorgabemaske der digi. Ausgang 22"
"Input mask of digi. output 23","Vorgabemaske der digi. Ausgang 23"
"Input mask of digi. output 24","Vorgabemaske der digi. Ausgang 24"
"Disable digi. NCK output 25","Sperren digi. NCK Ausgang 25"
"Disable digi. NCK output 26","Sperren digi. NCK Ausgang 26"
"Disable digi. NCK output 27 ","Sperren digi. NCK Ausgang 27 "
"Disable digi. NCK output 28","Sperren digi. NCK Ausgang 28"
"Disable digi. NCK output 29 ","Sperren digi. NCK Ausgang 29 "
"Disable digi. NCK output 30 ","Sperren digi. NCK Ausgang 30 "
"Disable digi. NCK output 31 ","Sperren digi. NCK Ausgang 31 "
"Disable digi. NCK output 32 ","Sperren digi. NCK Ausgang 32 "
"Overwrite mask of digi. output 25","Ueberschreibungsmaske der digi. Ausgang 25"
"Overwrite mask of digi. output 26","Ueberschreibungsmaske der digi. Ausgang 26"
"Overwrite mask of digi. output 27","Ueberschreibungsmaske der digi. Ausgang 27"
"Overwrite mask of digi. output 28","Ueberschreibungsmaske der digi. Ausgang 28"
"Overwrite mask of digi. output 29","Ueberschreibungsmaske der digi. Ausgang 29"
"Overwrite mask of digi. output 30","Ueberschreibungsmaske der digi. Ausgang 30"
"Overwrite mask of digi. output 31","Ueberschreibungsmaske der digi. Ausgang 31"
"Overwrite mask of digi. output 32","Ueberschreibungsmaske der digi. Ausgang 32"
"Set value digi. NCK output 25","Setzwert digi. NCK Ausgang 25"
"Set value digi. NCK output 26","Setzwert digi. NCK Ausgang 26"
"Set value digi. NCK output 27","Setzwert digi. NCK Ausgang 27"
"Set value digi. NCK output 28","Setzwert digi. NCK Ausgang 28"
"Set value digi. NCK output 29","Setzwert digi. NCK Ausgang 29"
"Set value digi. NCK output 30","Setzwert digi. NCK Ausgang 30"
"Set value digi. NCK output 31","Setzwert digi. NCK Ausgang 31"
"Set value digi. NCK output 32","Setzwert digi. NCK Ausgang 32"
"Input mask of digi. output 25","Vorgabemaske der digi. Ausgang 25"
"Input mask of digi. output 26","Vorgabemaske der digi. Ausgang 26"
"Input mask of digi. output 27","Vorgabemaske der digi. Ausgang 27"
"Input mask of digi. output 28","Vorgabemaske der digi. Ausgang 28"
"Input mask of digi. output 29","Vorgabemaske der digi. Ausgang 29"
"Input mask of digi. output 30","Vorgabemaske der digi. Ausgang 30"
"Input mask of digi. output 31","Vorgabemaske der digi. Ausgang 31"
"Input mask of digi. output 32","Vorgabemaske der digi. Ausgang 32"
"Disable digi. NCK output 33","Sperren digi. NCK Ausgang 33"
"Disable digi. NCK output 34","Sperren digi. NCK Ausgang 34"
"Disable digi. NCK output 35 ","Sperren digi. NCK Ausgang 35 "
"Disable digi. NCK output 36","Sperren digi. NCK Ausgang 36"
"Disable digi. NCK output 37 ","Sperren digi. NCK Ausgang 37 "
"Disable digi. NCK output 38 ","Sperren digi. NCK Ausgang 38 "
"Disable digi. NCK output 39 ","Sperren digi. NCK Ausgang 39 "
"Disable digi. NCK output 40 ","Sperren digi. NCK Ausgang 40 "
"Overwrite mask of digi. output 33","Ueberschreibungsmaske der digi. Ausgang 33"
"Overwrite mask of digi. output 34","Ueberschreibungsmaske der digi. Ausgang 34"
"Overwrite mask of digi. output 35","Ueberschreibungsmaske der digi. Ausgang 35"
"Overwrite mask of digi. output 36","Ueberschreibungsmaske der digi. Ausgang 36"
"Overwrite mask of digi. output 37","Ueberschreibungsmaske der digi. Ausgang 37"
"Overwrite mask of digi. output 38","Ueberschreibungsmaske der digi. Ausgang 38"
"Overwrite mask of digi. output 39","Ueberschreibungsmaske der digi. Ausgang 39"
"Overwrite mask of digi. output 40","Ueberschreibungsmaske der digi. Ausgang 40"
"Set value digi. NCK output 33","Setzwert digi. NCK Ausgang 33"
"Set value digi. NCK output 34","Setzwert digi. NCK Ausgang 34"
"Set value digi. NCK output 35","Setzwert digi. NCK Ausgang 35"
"Set value digi. NCK output 36","Setzwert digi. NCK Ausgang 36"
"Set value digi. NCK output 37","Setzwert digi. NCK Ausgang 37"
"Set value digi. NCK output 38","Setzwert digi. NCK Ausgang 38"
"Set value digi. NCK output 39","Setzwert digi. NCK Ausgang 39"
"Set value digi. NCK output 40","Setzwert digi. NCK Ausgang 40"
"Input mask of digi. output 33","Vorgabemaske der digi. Ausgang 33"
"Input mask of digi. output 34","Vorgabemaske der digi. Ausgang 34"
"Input mask of digi. output 35","Vorgabemaske der digi. Ausgang 35"
"Input mask of digi. output 36","Vorgabemaske der digi. Ausgang 36"
"Input mask of digi. output 37","Vorgabemaske der digi. Ausgang 37"
"Input mask of digi. output 38","Vorgabemaske der digi. Ausgang 38"
"Input mask of digi. output 39","Vorgabemaske der digi. Ausgang 39"
"Input mask of digi. output 40","Vorgabemaske der digi. Ausgang 40"
"Disable analog NCK input 1","Sperren des analogen NCK Eingang 1"
"Disable analog NCK input 2 ","Sperren des analogen NCK Eingang 2 "
"Disable analog NCK input 3 ","Sperren des analogen NCK Eingang 3 "
"Disable analog NCK input 4 ","Sperren des analogen NCK Eingang 4 "
"Disable analog NCK input 5 ","Sperren des analogen NCK Eingang 5 "
"Disable analog NCK input 6 ","Sperren des analogen NCK Eingang 6 "
"Disable analog NCK input 7 ","Sperren des analogen NCK Eingang 7 "
"Disable analog NCK input 8","Sperren des analogen NCK Eingang 8"
"Input mask of analog NCK input 1","Vorgabemaske des analogen NCK Eingang 1"
"Input mask of analog NCK input 2 ","Vorgabemaske des analogen NCK Eingang 2 "
"Input mask of analog NCK input 3 ","Vorgabemaske des analogen NCK Eingang 3 "
"Input mask of analog NCK input 4 ","Vorgabemaske des analogen NCK Eingang 4 "
"Input mask of analog NCK input 5 ","Vorgabemaske des analogen NCK Eingang 5 "
"Input mask of analog NCK input 6 ","Vorgabemaske des analogen NCK Eingang 6 "
"Input mask of analog NCK input 7 ","Vorgabemaske des analogen NCK Eingang 7 "
"Input mask of analog NCK input 8","Vorgabemaske des analogen NCK Eingang 8"
"Set value of analog NCK input 1","Setzwert des analogen NCK Eingang 1"
"Set value of analog NCK input 2","Setzwert des analogen NCK Eingang 2"
"Set value of analog NCK input 3","Setzwert des analogen NCK Eingang 3"
"Set value of analog NCK input 4","Setzwert des analogen NCK Eingang 4"
"Set value of analog NCK input 5","Setzwert des analogen NCK Eingang 5"
"Set value of analog NCK input 6","Setzwert des analogen NCK Eingang 6"
"Set value of analog NCK input 7","Setzwert des analogen NCK Eingang 7"
"Set value of analog NCK input 8","Setzwert des analogen NCK Eingang 8"
"Overwrite mask of analog output 1","Ueberschreibungsmaske des analogen Ausgang 1"
"Overwrite mask of analog output 2","Ueberschreibungsmaske des analogen Ausgang 2"
"Overwrite mask of analog output 3","Ueberschreibungsmaske des analogen Ausgang 3"
"Overwrite mask of analog output 4","Ueberschreibungsmaske des analogen Ausgang 4"
"Overwrite mask of analog output 5","Ueberschreibungsmaske des analogen Ausgang 5"
"Overwrite mask of analog output 6","Ueberschreibungsmaske des analogen Ausgang 6"
"Overwrite mask of analog output 7","Ueberschreibungsmaske des analogen Ausgang 7"
"Overwrite mask of analog output 8","Ueberschreibungsmaske des analogen Ausgang 8"
"Input mask of analog NCK output 1","Vorgabemaske des analogen NCK Ausgang 1"
"Input mask of analog NCK output 2 ","Vorgabemaske des analogen NCK Ausgang 2 "
"Input mask of analog NCK output 3 ","Vorgabemaske des analogen NCK Ausgang 3 "
"Input mask of analog NCK output 4 ","Vorgabemaske des analogen NCK Ausgang 4 "
"Input mask of analog NCK output 5 ","Vorgabemaske des analogen NCK Ausgang 5 "
"Input mask of analog NCK output 6 ","Vorgabemaske des analogen NCK Ausgang 6 "
"Input mask of analog NCK output 7 ","Vorgabemaske des analogen NCK Ausgang 7 "
"Input mask of analog NCK output 8  ","Vorgabemaske des analogen NCK Ausgang 8  "
"Disable analog NCK output 1","Sperren des analogen NCK Ausgang 1"
"Disable analog NCK output 2 ","Sperren des analogen NCK Ausgang 2 "
"Disable analog NCK output 3 ","Sperren des analogen NCK Ausgang 3 "
"Disable analog NCK output 4 ","Sperren des analogen NCK Ausgang 4 "
"Disable analog NCK output 5 ","Sperren des analogen NCK Ausgang 5 "
"Disable analog NCK output 6 ","Sperren des analogen NCK Ausgang 6 "
"Disable analog NCK output 7 ","Sperren des analogen NCK Ausgang 7 "
"Disable analog NCK output 8","Sperren des analogen NCK Ausgang 8"
"Set value of analog NCK output 1","Setzwert des analogen NCK Ausgang 1"
"Set value of analog NCK output 2","Setzwert des analogen NCK Ausgang 2"
"Set value of analog NCK output 3","Setzwert des analogen NCK Ausgang 3"
"Set value of analog NCK output 4","Setzwert des analogen NCK Ausgang 4"
"Set value of analog NCK output 5","Setzwert des analogen NCK Ausgang 5"
"Set value of analog NCK output 6","Setzwert des analogen NCK Ausgang 6"
"Set value of analog NCK output 7","Setzwert des analogen NCK Ausgang 7"
"Set value of analog NCK output 8","Setzwert des analogen NCK Ausgang 8"
"Actual value of digi. NCK input 9","Istwert digi. NCK Eingang 9"
"Actual value of digi. NCK input 10","Istwert digi. NCK Eingang 10"
"Actual value of digi. NCK input 11","Istwert digi. NCK Eingang 11"
"Actual value of digi. NCK input 12","Istwert digi. NCK Eingang 12"
"Actual value of digi. NCK input 13","Istwert digi. NCK Eingang 13"
"Actual value of digi. NCK input 14","Istwert digi. NCK Eingang 14"
"Actual value of digi. NCK input 15","Istwert digi. NCK Eingang 15"
"Actual value of digi. NCK input 16             ","Istwert digi. NCK Eingang 16             "
"Actual value of digi. NCK input 17","Istwert digi. NCK Eingang 17"
"Actual value of digi. NCK input 18","Istwert digi. NCK Eingang 18"
"Actual value of digi. NCK input 19","Istwert digi. NCK Eingang 19"
"Actual value of digi. NCK input 20","Istwert digi. NCK Eingang 20"
"Actual value of digi. NCK input 21","Istwert digi. NCK Eingang 21"
"Actual value of digi. NCK input 22","Istwert digi. NCK Eingang 22"
"Actual value of digi. NCK input 23","Istwert digi. NCK Eingang 23"
"Actual value of digi. NCK input 24             ","Istwert digi. NCK Eingang 24             "
"Actual value of digi. NCK input 25","Istwert digi. NCK Eingang 25"
"Actual value of digi. NCK input 26","Istwert digi. NCK Eingang 26"
"Actual value of digi. NCK input 27","Istwert digi. NCK Eingang 27"
"Actual value of digi. NCK input 28","Istwert digi. NCK Eingang 28"
"Actual value of digi. NCK input 29","Istwert digi. NCK Eingang 29"
"Actual value of digi. NCK input 30","Istwert digi. NCK Eingang 30"
"Actual value of digi. NCK input 31","Istwert digi. NCK Eingang 31"
"Actual value of digi. NCK input 32             ","Istwert digi. NCK Eingang 32             "
"Actual value of digi. NCK input 33","Istwert digi. NCK Eingang 33"
"Actual value of digi. NCK input 34","Istwert digi. NCK Eingang 34"
"Actual value of digi. NCK input 35","Istwert digi. NCK Eingang 35"
"Actual value of digi. NCK input 36","Istwert digi. NCK Eingang 36"
"Actual value of digi. NCK input 37","Istwert digi. NCK Eingang 37"
"Actual value of digi. NCK input 38","Istwert digi. NCK Eingang 38"
"Actual value of digi. NCK input 39","Istwert digi. NCK Eingang 39"
"Actual value of digi. NCK input 40             ","Istwert digi. NCK Eingang 40             "
"Setpoint of digi. NCK output 9","Sollwert digi. NCK Ausgang 9"
"Setpoint of digi. NCK output 10","Sollwert digi. NCK Ausgang 10"
"Setpoint of digi. NCK output 11","Sollwert digi. NCK Ausgang 11"
"Setpoint of digi. NCK output 12","Sollwert digi. NCK Ausgang 12"
"Setpoint of digi. NCK output 13","Sollwert digi. NCK Ausgang 13"
"Setpoint of digi. NCK output 14","Sollwert digi. NCK Ausgang 14"
"Setpoint of digi. NCK output 15","Sollwert digi. NCK Ausgang 15"
"Setpoint of digi. NCK output 16","Sollwert digi. NCK Ausgang 16"
"Setpoint of digi. NCK output 17","Sollwert digi. NCK Ausgang 17"
"Setpoint of digi. NCK output 18","Sollwert digi. NCK Ausgang 18"
"Setpoint of digi. NCK output 19","Sollwert digi. NCK Ausgang 19"
"Setpoint of digi. NCK output 20","Sollwert digi. NCK Ausgang 20"
"Setpoint of digi. NCK output 21","Sollwert digi. NCK Ausgang 21"
"Setpoint of digi. NCK output 22","Sollwert digi. NCK Ausgang 22"
"Setpoint of digi. NCK output 23","Sollwert digi. NCK Ausgang 23"
"Setpoint of digi. NCK output 24             ","Sollwert digi. NCK Ausgang 24             "
"Setpoint of digi. NCK output 25","Sollwert digi. NCK Ausgang 25"
"Setpoint of digi. NCK output 26","Sollwert digi. NCK Ausgang 26"
"Setpoint of digi. NCK output 27","Sollwert digi. NCK Ausgang 27"
"Setpoint of digi. NCK output 28","Sollwert digi. NCK Ausgang 28"
"Setpoint of digi. NCK output 29","Sollwert digi. NCK Ausgang 29"
"Setpoint of digi. NCK output 30","Sollwert digi. NCK Ausgang 30"
"Setpoint of digi. NCK output 31","Sollwert digi. NCK Ausgang 31"
"Setpoint of digi. NCK output 32             ","Sollwert digi. NCK Ausgang 32             "
"Setpoint of digi. NCK output 33","Sollwert digi. NCK Ausgang 33"
"Setpoint of digi. NCK output 34","Sollwert digi. NCK Ausgang 34"
"Setpoint of digi. NCK output 35","Sollwert digi. NCK Ausgang 35"
"Setpoint of digi. NCK output 36","Sollwert digi. NCK Ausgang 36"
"Setpoint of digi. NCK output 37","Sollwert digi. NCK Ausgang 37"
"Setpoint of digi. NCK output 38","Sollwert digi. NCK Ausgang 38"
"Setpoint of digi. NCK output 39","Sollwert digi. NCK Ausgang 39"
"Setpoint of digi. NCK output 40  ","Sollwert digi. NCK Ausgang 40  "
"Actual value of analog NCK input 1","Istwert des analogen NCK Eingang 1"
"Actual value of analog NCK input 2","Istwert des analogen NCK Eingang 2"
"Actual value of analog NCK input 3","Istwert des analogen NCK Eingang 3"
"Actual value of analog NCK input 4","Istwert des analogen NCK Eingang 4"
"Actual value of analog NCK input 5","Istwert des analogen NCK Eingang 5"
"Actual value of analog NCK input 6","Istwert des analogen NCK Eingang 6"
"Actual value of analog NCK input 7","Istwert des analogen NCK Eingang 7"
"Actual value of analog NCK input 8","Istwert des analogen NCK Eingang 8"
"AUTOMATIC mode","Betriebsart AUTOMATIK"
"MDA mode","Betriebsart MDA"
"JOG mode","Betriebsart JOG"
"Mode change disable ","Betriebsart Wechselsperre"
"Mode group stop","BAG-Stop"
"Mode group stop axes plus spindle ","BAG-Stop Achsen plus Spindel"
"Mode group reset","BAG-Reset"
"Machine function TEACH IN","Maschinenfunktion TEACH IN"
"Machine function REPOS","Maschinenfunktion REPOS"
"Machine function REF","Maschinenfunktion REF"
" Single block type A","Einzelsatz Typ A"
" Single block type B","Einzelsatz Typ B"
"INC1","INC1"
"INC10","INC10"
"INC100","INC100"
"INC1000","INC1000"
"INC10000","INC10000"
"INC variable","INC variabel"
"MMC Strobe AUTOMATIC mode","Betriebsart-Strobe AUTOMATIK"
"MMC Strobe MDA mode","Betriebsart-Strobe MDA"
"MMC Strobe JOG mode","Betriebsart-Strobe JOG"
"MMC Strobe machine function TEACH IN","Maschinenfunktion-Strobe TEACH IN"
"MMC Strobe machine function REPOS","Maschinenfunktion-Strobe REPOS"
"MMC Strobe Machine function REF","Maschinenfunktion-Strobe REF"
"Active AUTOMATIC mode","aktive Betriebsart AUTOMATIK"
"Active MDA mode","aktive Betriebsart MDA"
"Active JOG mode","aktive Betriebsart JOG"
"Mode group ready","BAG betriebsbereit"
"All channels in reset state","alle Kanäle im Reset-Zustand"
"Active machine function TEACH IN","aktive Maschinenfunktion TEACH IN"
"Active machine function REPOS","aktive Maschinenfunktion REPOS"
"Active Machine function REF","aktive Maschinenfunktion REF"
"Active machine function REF","aktive Maschinenfunktion REF (2)"
"Screen light","Bildschirm hell"
"Screen darkening","Bildschirm dunkel"
"Key disable","Tastensperre"
"Clear cancel alarms","Cancel Alarme löschen"
"Clear recall alarms","Recall Alarme löschen"
"Actual value in WCS 0=MCS","Istwerte in WKS, 0=MKS"
"1st error HIGRAPH","Erstfehler HIGRAPH"
"Analog spindle 1:","Analog Spindel 1"
"AutoToolMeasure","AutoToolMeasure"
"PLC Hardkeys","PLC Hardkeys"
"Reserved for hardkeys","Reserviert, Erweiterungen Hardkey Funktionen"
"Message counter","Meldungszaehler"
"Cancel","Cancel"
"Cancel alarms cleared","Cancel Alarme gelöscht"
"Recall alarms cleared","Recall alarme gelöscht"
"res. Language","Reserviert; Sprache umgeschaltet"
"Simulation active","Simulation aktiv"
"Switchover MCS/WCS 0=MCS","MKS/WKS umschalten 0=MKS"
"Channel displayed","angezeigte Kanalnummer"
"V24: Error Byte  ","V24: Fehlerbyte"
"Part program status OK","Status Teileprogramm OK"
"Part program status Error","Status Teileprogramm Fehler"
"Part program status active","Status Teileprogramm aktiv"
"Part program status deloading","Status Teileprogramm entladen"
"Part program status loading","Status Teileprogramm geladen"
"Part program status selecting","Status Teileprogramm angewählt"
"M to N","M 2 N"
"for Codecarrier Input from PLC","Schnittstelleneingang von PLC"
"for Codecarrier Output to PLC","Schnittstellenausgang zur PLC"
"for Codecarrier Request MMC-Interface1","Schnittstelle MMC 1"
"for Codecarrier Request MMC-Interface2","Schnittstelle MMC 2"
" CodeCarrierReadEnable : BOOL;
 CodeCarrierWriteEnable : BOOL;"," CodeCarrierReadEnable : BOOL;
 CodeCarrierWriteEnable : BOOL;"
"Identify for Error_Code","Error_Code Identifizierung"
"for Positioning","für Positionierung"
"TPM-Data","TPM-Data"
"Activate DRF","DRF aktivieren"
"Activate single block","Einzelsatz aktivieren"
"Activate M01","M01 aktivieren"
"Activate dry run feedrate","Probelaufvorschub aktivieren"
"Activate referencing","Referieren aktivieren"
"Enable protection zones","Schutzbereiche freigeben"
"Synchronous action off","Synchronaktion aus"
"Activate time-out (TM)","Zeitüber- wachung akt. (WZV)"
"CLC stop","CLC Stop"
"CLC override","CLC Override"
"PLC action complete","PLC-Aktion beendet"
"Activate program test","Programmtest aktivieren"
"Activate skip block \0","Satz ausblenden aktivieren \0"
"Activate skip block \1","Satz ausblenden aktivieren \1"
"Activate skip block \2","Satz ausblenden aktivieren \2"
"Activate skip block \3","Satz ausblenden aktivieren \3"
"Activate skip block \4","Satz ausblenden aktivieren \4"
"Activate skip block \5","Satz ausblenden aktivieren \5"
"Activate skip block \6","Satz ausblenden aktivieren \6"
"Activate skip block \7","Satz ausblenden aktivieren \7"
"Stroke enable","Hubfreigabe"
"Manual stroke enable","Manuelle Hubauslösung"
"Stroke suppression","Hubunterdrückung"
"Stroke not operating","Hub läuft nicht"
"Stroke delayed","verzögerter Hub"
"Feedrate override","Vorschubkorrektur"
"Rapid traverse override","Eilgangkorrektur"
"Feed disable","Vorschubsperre"
"Read-in disable","Einlesesperre"
"Delete distance to go","Restweg löschen"
"Clear SP repetitions","UP durchlaufzahl löschen"
"Program level abort","Programmebenenabbruch"
"Tool path feedrate limitation","Bahngeschw begrenzung"
"Rapid traverse override active","Eilgangkorrektur wirksam"
"Feedrate override active","Vorschubkorrektur wirksam"
"NC start disable","NC-Startsperre"
"NC start","NC-Start"
"NC stop at block limit","NC-Stop an Satzgrenze"
"NC stop","NC-Stop"
"NC stop axes plus spindle","NC-Stop Achsen plus Spindel"
"Reset","Reset"
"Activate machine-related protection area [1..10]","maschinenbezogenen Schutzbereich [1..10] aktivieren"
"Activate channel-specific protection area [1..10]","kanalbezogenen Schutzbereich [1..10] aktivieren"
"Control signals for geometry axis [1..3]","Steuersignale an Geometrieachse [1..3]"
"Activate handwheel 1","Handrad 1 aktivieren"
"Activate handwheel 2","Handrad 2 aktivieren"
"Activate handwheel 3","Handrad 3 aktivieren"
"Feed stop","Vorschub-Halt"
"Traversing key disable","Verfahrtastensperre"
"Traversing key minus","Verfahrtaste minus"
"Traversing key plus","Verfahrtaste plus"
"INC 1","INC 1"
"INC 10","INC 10"
"INC 100","INC 100"
"INC 1000","INC 1000"
"INC 10000","INC 10000"
"OEM signals","OEM-Signale"
"MMC DRF selected","MMC DRF angewählt"
"MMC M01 selected","MMC M01 angewählt"
"MMC Dry run feedrate selected","MMC Probelaufvorschub angewählt"
"MMC REPOSPATHMODE 0","MMC REPOSPATHMODE 0"
"MMC REPOSPATHMODE 1","MMC REPOSPATHMODE 1"
"MMC REPOSPATHMODE 2","MMC REPOSPATHMODE 2"
"MMC Feedrate override for rapid traverse selected","MMC Vorschubkorrektur für Eilgang angewählt"
"MMC REPOS MODE EDGE","MMC REPOS MODE EDGE"
"Program test selected","Programmtest angewählt"
"MMC skip block selected \0","MMC Satz ausblenden angewählt \0"
"MMC skip block selected \1","MMC Satz ausblenden angewählt \1"
"MMC skip block selected \2","MMC Satz ausblenden angewählt \2"
"MMC skip block selected \3","MMC Satz ausblenden angewählt \3"
"MMC skip block selected \4","MMC Satz ausblenden angewählt \4"
"MMC skip block selected \5","MMC Satz ausblenden angewählt \5"
"MMC skip block selected \6","MMC Satz ausblenden angewählt \6"
"MMC skip block selected \7","MMC Satz ausblenden angewählt \7"
"MMC skip block selected \8","MMC Satz ausblenden angewählt \8"
"MMC skip block selected \9","MMC Satz ausblenden angewählt \9"
"Fixed feeds","Festvorschuebe"
"Activate PTP travel","PTP Fahren angewählt"
"Disable workpiece counter","Stückzähler abschalten"
"Disable wear monitoring","Verschleißüberwachung abschalten"
"Do not disable tool","Werkzeug nicht sperren"
"Activate contour handwheels","Konturhandraeder aktivieren"
"Simulated contour handwheel on","simuliertes KonturHandrad ein"
"Contour handwheel neg. route","neg. Richtung Konturhandrad"
"REPOSPATHMODE 0","REPOSPATHMODE 0"
"REPOSPATHMODE 1","REPOSPATHMODE 1"
"REPOSPATHMODE 2","REPOSPATHMODE 2"
"REPOS MODE EDGE","REPOS MODE EDGE"
"Activate skip block \8","Satz ausblenden aktiv \8"
"Activate skip block \9","Satz ausblenden aktiv \9"
"Execution from external source active","Abarbeiten von extern aktiv"
"Action block active","Aktionssatz aktiv"
"Approach block active","Anfahrsatz aktiv"
"M0/M1 active","M0/M1 aktiv"
"Last action block active","Über- lagerung aktiv"
"Referencing active","Referieren aktiv"
"Revolutional feedrate active","Umdrehungsvorschub aktiv"
"Handwheel overlay active","Handradüberlagerung aktiv"
"Block search active","Satzsuchlauf aktiv"
"M2/M30 active","M2/M30 aktiv"
"Transformation active","Transformation aktiv"
"Program test active","Programmtest aktiv"
"OEM channel signals feedback","OEM-Kanal-Signale Rückmeldungen"
"Program running","Programm läuft"
"Program waiting","Programm wartet"
"Program stopped","Programm angehalten"
"Program interrupted","Programm unterbrochen"
"Program aborted","Programm abgebrochen"
"Channel active","Kanal aktiv"
"Channel interrupted","Kanal unterbrochen"
"Channel reset","Kanal-Reset"
"Start request ","Start Anforderung "
"Stop request ","Stop Anforderung "
"All axes referenced","alle Achsen referiert"
"All axes stationary","alle Achsen stehen"
"Interrupt processing active ","Interrupt behandlung aktiv "
"Channel ready for operation","Kanal Betriebsbereit"
"Channel-specific NCK alarm present","NCK-Alarm kanalspezifisch steht an"
"NCK alarm with processing stop present","NCK-Alarm mit Bearbeitungsstillstand steht an"
"Contour handwheel 1 on","Konturhandrad 1 Ein"
"Contour handwheel 2 on","Konturhandrad 2 Ein"
"Contour handwheel 3 on","Konturhandrad 3 Ein"
"CLC active ","CLC aktiv "
"CLC stopped lower limit ","CLC gestoppt Untergrenze "
"CLC stopped upper limit ","CLC gestoppt Obergrenze "
"Read-in enable is ignored","Einlesefreigabe wird ignoriert"
"Stop at block end with SBL is suppressed","Stoppen am Satzende bei SBL wird unterdrückt"
"Stroke enable active","Hubauslösung"
"Acknowledgement manual stroke enable","Manuelle Hubauslösung Quittung"
"Protection zones not guaranteed","Schutzbereiche nicht gewährleistet"
"Status signals of geometry axis [1..3]","Statussignale von Geometrieachse [1..3]"
"Handwheel 1 active","Handrad 1 aktiv"
"Handwheel 2 active","Handrad 2 aktiv"
"Handwheel 3 active","Handrad 3 aktiv"
"Traverse command minus","Fahrbefehl minus"
"Traverse command plus","Fahrbefehl plus"
"INC 1 active","INC 1 aktiv"
"INC 10 active","INC 10 aktiv"
"INC 100 active","INC 100 aktiv"
"INC 1000 active","INC 1000 aktiv"
"INC 10000 active","INC 10000 aktiv"
"INC variable active","INC variabel aktiv"
"M function 1 change","M-Funktion 1 Änderung"
"M function 2 change","M-Funktion 2 Änderung"
"M function 3 change","M-Funktion 3 Änderung"
"M function 4 change","M-Funktion 4 Änderung"
"M function 5 change","M-Funktion 5 Änderung"
"M function 1 not decoded","M-Funktion 1 nicht dekodiert"
"M function 2 not decoded","M-Funktion 2 nicht dekodiert"
"M function 3 not decoded","M-Funktion 3 nicht dekodiert"
"M function 4 not decoded","M-Funktion 4 nicht dekodiert"
"M function 5 not decoded","M-Funktion 5 nicht dekodiert"
"S function 1 change","S-Funktion 1 Änderung"
"S function 2 change","S-Funktion 2 Änderung"
"S function 3 change","S-Funktion 3 Änderung"
"S function 1 quick","S-Funktion 1 Quick"
"S function 2 quick","S-Funktion 2 Quick"
"S function 3 quick","S-Funktion 3 Quick"
"T function 1 change","T-Funktion 1 Änderung"
"T function 2 change","T-Funktion 2 Änderung"
"T function 3 change","T-Funktion 3 Änderung"
"T function 1 quick","T-Funktion 1 Quick"
"T function 2 quick","T-Funktion 2 Quick"
"T function 3 quick","T-Funktion 3 Quick"
"D function 1 change","D-Funktion 1 Änderung"
"D function 2 change","D-Funktion 2 Änderung"
"D function 3 change","D-Funktion 3 Änderung"
"D function 1 quick","D-Funktion 1 Quick"
"D function 2 quick","D-Funktion 2 Quick"
"D function 3 quick","D-Funktion 3 Quick"
"E function change","E-Funktion Änderung"
"E function quick","E-Funktion Quick"
"H function 1 change","H-Funktion 1 Änderung"
"H function 2 change","H-Funktion 2 Änderung"
"H function 3 change","H-Funktion 3 Änderung"
"H function 1 quick","H-Funktion 1 Quick"
"H function 2 quick","H-Funktion 2 Quick"
"H function 3 quick","H-Funktion 3 Quick"
"F function 1 change","F-Funktion 1 Änderung"
"F function 2 change","F-Funktion 2 Änderung"
"F function 3 change","F-Funktion 3 Änderung"
"F function 4 change","F-Funktion 4 Änderung"
"F function 5 change","F-Funktion 5 Änderung"
"F function 6 change","F-Funktion 6 Änderung"
"M function 1 quick","M-Funktion 1 Quick"
"M function 2 quick","M-Funktion 2 Quick"
"M function 3 quick","M-Funktion 3 Quick"
"M function 4 quick","M-Funktion 4 Quick"
"M function 5 quick","M-Funktion 5 Quick"
"F function 1 quick","F-Funktion 1 Quick"
"F function 2 quick","F-Funktion 2 Quick"
"F function 3 quick","F-Funktion 3 Quick"
"F function 4 quick","F-Funktion 4 Quick"
"F function 5 quick","F-Funktion 5 Quick"
"F function 6 quick","F-Funktion 6 Quick"
"Extended address M function 1 (16 bit INT)","erweiterte Adresse M-Funktion 1 (16 Bit-Int)"
"M function 1 (DInt)","M-Funktion 1 (DInt)"
"M function 2 (DInt)","M-Funktion 2 (DInt)"
"M function 3 (DInt)","M-Funktion 3 (DInt)"
"M function 4 (DInt)","M-Funktion 4 (DInt)"
"M function 5 (DInt)","M-Funktion 5 (DInt)"
"Extended address S function 1 (16 bit INT)","erweiterte Adresse S-Funktion 1 (16 Bit-Int)"
"S function 1 (REAL)","S-Funktion 1 (Real)"
"Extended address S function 2 (16 bit INT)","erweiterte Adresse S-Funktion 2 (16 Bit-Int)"
"S function 2 (REAL)","S-Funktion 2 (Real)"
"Extended address S function 3 (16 bit INT)","erweiterte Adresse S-Funktion 3 (16 Bit-Int)"
"S function 3 (REAL)","S-Funktion 3 (Real)"
"T function 1 (INT)","T-Funktion 1 (Int)"
"Extended address T function 2 (16 bit INT)","erweiterte Adresse T-Funktion 2 (16 Bit-Int)"
"T function 2 (INT)","T-Funktion 2 (Int)"
"Extended address T function 3 (16 bit INT)","erweiterte Adresse T-Funktion 3 (16 Bit-Int)"
"T function 3 (INT)","T-Funktion 3 (Int)"
"D function 1 (8 bit INT)","D-Funktion 1 (8 Bit-Int)"
"Extended address D function 2 (8 bit INT)","erweiterte Adresse D-Funktion 2 (8 Bit-Int)"
"D function 2 (8 bit INT)","D-Funktion 2 (8 Bit-Int)"
"Extended address D function 3 (8 bit INT)","erweiterte Adresse D-Funktion 3 (8 Bit-Int)"
"D function 3 (8 bit INT)","D-Funktion 3 (8 Bit-Int)"
"Extended address E function 3 (16 bit INT)","erweiterte Adresse E-Funktion 3 (16 Bit-Int)"
"E function (REAL)","E-Funktion (Real)"
"Extended address H function 1 (16 bit INT)","erweiterte Adresse H-Funktion 1 (16 Bit-Int)"
"H function 1 (REAL)","H-Funktion 1 (Real)"
"Extended address H function 2 (16 bit INT)","erweiterte Adresse H-Funktion 2 (16 Bit-Int)"
"H function 2 (REAL)","H-Funktion 2 (Real)"
"Extended address H function 3 (16 bit INT)","erweiterte Adresse H-Funktion 3 (16 Bit-Int)"
"H function 3 (REAL)","H-Funktion 3 (Real)"
"Extended address F function 1 (16 bit INT)","erweiterte Adresse F-Funktion 1 (16 Bit-Int)"
"F function 1 (REAL)","F-Funktion 1 (Real)"
"Extended address F function 2 (16 bit INT)","erweiterte Adresse F-Funktion 2 (16 Bit-Int)"
"F function 2 (REAL)","F-Funktion 2 (Real)"
"Extended address F function 3 (16 bit INT)","erweiterte Adresse F-Funktion 3 (16 Bit-Int)"
"F function 3 (REAL)","F-Funktion 3 (Real)"
"Extended address F function 4 (16 bit INT)","erweiterte Adresse F-Funktion 4 (16 Bit-Int)"
"F function 4 (REAL)","F-Funktion 4 (Real)"
"Extended address F function 5 (16 bit INT)","erweiterte Adresse F-Funktion 5 (16 Bit-Int)"
"F function 5 (REAL)","F-Funktion 5 (Real)"
"Extended address F function 6 (16 bit INT)","erweiterte Adresse F-Funktion 6 (16 Bit-Int)"
"F function 6 (REAL)","F-Funktion 6 (Real)"
"Dynamic M functions [0..99]","dynamische M-Funktionen [0..99]"
"Active G function of group [1..64]","aktive G-Funktion der Gruppe [1..64]"
"Machine-related protection area [1..10] preactivated","maschinenbezogenen Schutzbereich [1..10] voraktiviert"
"Channel-specific protection area [1..10] preactivated","kanalbezogenen Schutzbereich [1..10] voraktiviert"
"Machine-related protection area [1..10] violated","maschinenbezogenen Schutzbereich [1..10] verletzt"
"Channel-specific protection area [1..10] violated
from P4 on","kanalbezogenen Schutzbereich [1..10] verletzt
ab P4"
"Request of D number to NCK","Anforderung D-Nummer an NCK"
"Request of syn.action to NCK","Anforderung Syn.aktion an NCK"
"Request syn.action from NCK","Anforderung Syn.aktion von NCK"
"Assignment D1","Zuweisung D1"
"Assignment D2","Zuweisung D2"
"Assignment D3","Zuweisung D3"
"Assignment D4","Zuweisung D4"
"Assignment D5","Zuweisung D5"
"Assignment D6","Zuweisung D6"
"Assignment D7","Zuweisung D7"
"Assignment D8","Zuweisung D8"
"Assignment D9","Zuweisung D9"
"Disable synchronous actions ","Synchronaktionen sperren"
"Synchronous actions disabled","Synchronaktionen gesperrt"
"Active G functions","aktive G-Funktionen"
"PTP travel active","PTP-Fahren aktiv"
"Tool missing","Werkzeug fehlt"
"Control signals for orientation axes [1..3]","Steuersignale für Orientierungsachsen [1..3]"
"Activate handwheel Bit value coding ","Handradaktivierung (Bitwert-Codierung)"
"Tool prewarn limit reached","Werkzeug Vorwarngrenze erreicht"
"Tool limit reached ","Werkzeug Grenzwert erreicht"
"Transition to new replacement tool ","Übergang auf neues Ersatzwerkzeug"
"last replacement tool of the tool group","letztes Ersatzwerkzeug der Werkzeuggruppe"
"T number for tool prewarn limit","T-Nummer für WZ-Vorwarngrenze"
"T number for tool limit","T-Nummer für WZ-Grenzwert"
"T number of the new replacement tool","T-Nummer des neuen Ersatzwerkzeuges"
"T number of the last replacement tool","T-Nummer des letzten Ersatzwerkzeuges"
"Drive test movement enable","Antriebstest Fahrfreigabe"
"Acknowledge fixed stop reached","Festanschlag erreicht quittieren"
"Sensor fixed stop","Sensor Festanschlag"
"Axis/spindle disable","Achsen-/Spindelsperre"
"Follow-up mode","Nachführbetrieb"
"Position measuring system 1","Lagemeßsystem 1"
"Position measuring system 2","Lagemeßsystem 2"
"Override active","Korrektur wirksam"
"SW cam activation","SW-Nocken Aktivierung"
"Controller enable","Reglerfreigabe"
"Delete distance to go/Spindle-Reset","Restweg löschen/Spindel-Reset"
"Clamping in progress","Klemmvorgang läuft"
"Reference point value 1","Referenzpunktwert 1"
"Reference point value 2","Referenzpunktwert 2"
"Reference point value 3","Referenzpunktwert 3"
"Reference point value 4","Referenzpunktwert 4"
"Import external ZO","Externe NV übernehmen"
"Enable travel to fixed stop","Fahren auf Festanschlag freigeben"
"Activate fixed feed 1","Festvorschub 1 aktivieren"
"Activate fixed feed 2","Festvorschub 2 aktivieren"
"Activate fixed feed 3","Festvorschub 3 aktivieren"
"Activate fixed feed 4","Festvorschub 4 aktivieren"
"Velocity/spindle speed limitation","Geschw.-/Spindeldrehzahlbegrenzung"
"Feed stop/spindle stop","Vorschub Stop/Spindel Stop"
"OEM axis signals","Vorschub/Spindel-Halt"
"Assign NC axis/spindle channel A","NC-Achse/Spindel Kanal A zuordenen"
"Assign NC axis/spindle channel B","NC-Achse/Spindel Kanal B zuordenen"
"Assign NC axis/spindle channel C","NC-Achse/Spindel Kanal C zuordenen"
"Assign NC axis/spindle channel D","NC-Achse/Spindel Kanal D zuordenen"
"Activation of assignment with pos. edge","Aktivierung Zuordnung durch pos. Flanke"
"Request PLC axis/spindle","PLC-Achse/Spindel anfordern"
"Parameter block servo A","Parametersatz Servo A"
"Parameter block servo B ","Parametersatz Servo B "
"Parameter block servo C ","Parametersatz Servo C "
"Lock parameter set definition from NC","Hardwareendschalter minus"
"REPOS DELAY","Hardwareendschalter plus"
"Hardware limit switch minus","2. Softwareendschalter minus"
"Hardware limit switch plus","2. Softwareendschalter plus"
"2nd software limit switch minus","Verzöger. Ref.pkt.-fahren"
"2nd software limit switch plus","Istgetriebestufe A"
"Delay reference point approach","Istgetriebestufe B"
"Actual gear stage A","Istgetriebestufe C"
"Actual gear stage B","Getriebe ist umgeschaltet"
"Actual gear stage C","Spindel 1 neu synchronisieren"
"Gear has changed over","Spindel 2 neu synchronisieren"
"Re-synchronize spindle 1","keine Drehzahlüberw. bei Getr.umschaltung"
"Re-synchronize spindle 2","S-Wert löschen"
"No monitoring when changing gear","Vorschubkorr. b. Spindel gültig"
"Delete S value","Spindel 1 neu synchr. b. Positionieren"
"Feedrate override for spindle valid","Spindel 2 neu synchr. b. Positionieren"
"Re-synchronize spindle 1 f. positioning","S. neu synchr. 1 beim Positionieren"
"Re-synchronize spindle 2 f. positioning","S. neu synchr. 2 beim Positionieren"
"Invert M3/M4","M3/M4 invertieren"
"Oscillation via PLC","Pendeln durch die PLC"
"enable Oscillation","Pendeldrehzahl"
"Setpoint osci. direct. right","Solldrehrichtung rechts"
"Setpoint osci. direct. left","Solldrehrichtung links"
"Spindle override","Spindelkorrektur"
"Run-up encoder quick stop","Hochlaufgeber-Schnell-Stop"
"Speed setpoint smoothing","Drehzahlsollwertglättung"
"Parameter set selection A","Parametersatzanwahl A"
"Parameter set selection B","Parametersatzanwahl B"
"Parameter set selection C","Parametersatzanwahl C"
"Motor selection A","Motoranwahl A"
"Motor selection B","Motoranwahl B"
"Motor selected","Motoranwahl erfolgt"
"n controller integrator disable","Integratorsperre n-Regler"
"Pulse enable","Impulsfreigabe"
"Deselection SG/SBH","Abwahl sichere Geschw. und Stillstand"
"Deselection of safe standstill","Abwahl sicherer Stillstand"
"Selection SG bit 0","Geschwindigkeitsgrenze Bitwert 0"
"Selection SG bit 1","Geschwindigkeitsgrenze Bitwert 1"
"Selection Transmission bit 0","Übersetzung Bitwert 0"
"Selection Transmission bit 1","Übersetzung Bitwert 1"
"Selection Transmission bit 2","Übersetzung Bitwert 2"
"Selection SE","Endlagenpaar 2 aktivieren"
"Activate test stop","Teststop aktivieren"
"Master / Slave On","Master / Slave Ein"
"Compensation controller On","Ausgleichsregler Ein"
"Enable following axis override ","Freigabe"
"Set reversal point","Umkehrpunkt setzen"
"Change reversal point","Umkehrpunkt ändern"
"Stop at next reversal point","Halt im nächsten Umkehrpunkt"
"Stop","Halt"
"PLC checks axis","PLC kontrolliert Achse"
"Start gantry synchronization run","Start Gantry-Synchronisationslauf"
"No auto sync","Synchronisation sperren"
"Stop spindle","Spindelstop"
"Start spindle Clockwise","Spindelstart Rechtslauf"
"Start spindle Counterclockwise","Spindelstart Linkslauf"
"Autom. gear step change","autom. Getriebestufenwechsel"
"Position spindle","Spindel Positionieren"
"Deselection external Stop A","Abwahl externes Stop A"
"Deselection external Stop C","Abwahl externes Stop C"
"Deselection external Stop D","Abwahl externes Stop D"
"Deselection external Stop E","Abwahl externes Stop E"
"Selection SG-correction Bit 0","Bitwert 0"
"Selection SG-correction Bit 1","Bitwert 1"
"Selection SG-correction Bit 2","Bitwert 2"
"Selection SG-correction Bit 3","Bitwert 3"
"Spindle/no axis","Spindel/keine Achse"
"NCU_link active axis","NCU_link aktive Achse"
"Encoder limit frequency 1 exceeded","Gebergrenzfreq. 1 überschritten"
"Encoder limit frequency 2 exceeded","Gebergrenzfreq. 2 überschritten"
"Referenced/synchronized 1","Referiert/Synchronisiert 1"
"Referenced/synchronized 2","Referiert/Synchronisiert 2"
"Position reached with exact stop coarse","Position erreicht mit Genauhalt grob"
"Position reached with exact stop fine","Position erreicht mit Genauhalt fein"
"Travel request","Fahranforderung"
"Axis ready","Nachführen aktiv"
"Follow-up mode active","Achse/Spindel steht (n<nmin)"
"Axis/spindle stationary (n<nmin)","Lageregler aktiv"
"Position controller active","Drehzahlregler aktiv"
"Speed controller active","Stromregler aktiv"
"Current controller active","Software-Nocken aktiv"
"Software cams active","Handrad-Überlagerung aktiv"
"Measuring active","Messung aktiv"
"Activate travel to fixed stop","Fahren auf Festanschlag aktivieren"
"Fixed stop reached","Festanschlag erreicht"
"NC axis/spindle in channel A","NC-Achse/Spindel in Kanal A"
"NC axis/spindle in channel B","NC-Achse/Spindel in Kanal B"
"NC axis/spindle in channel C","NC-Achse/Spindel in Kanal C"
"NC axis/spindle in channel D","NC-Achse/Spindel in Kanal D"
"New type requested by PLC","neuer Typ von PLC gefordert"
"Change axis possible","Achstausch möglich"
"Neutral axis/spindle","neutrale Achse/Spindel"
"PLC axis/spindle","PLC-Achse/Spindel"
"MMC REPOS DELAY","MMC REPOS DELAY"
"Scratch pulse","Schmierimpuls"
"Positioning axis","Positionierachse"
"Indexing axis in position","Teilungsachse in Position"
"Curve axis in position","Rundungs achse in Position"
"F function (REAL format) for positioning axes","F-Funktion (Real) für Positionierachse"
"Setpoint gear stage A","Sollgetriebestufe A"
"Setpoint gear stage B","Sollgetriebestufe B"
"Setpoint gear stage C","Sollgetriebestufe C"
"Gear changeover","Getriebe umschalten"
"Speed limit exceeded","Drehzahlgrenze überschritten"
"Setpoint speed limited","Solldrehzahl begrenzt"
"Setpoint speed increased","Solldrehzahl erhöht"
"Geometry monitoring","Geometrieüberwachung"
"Support area limits violated","Auflagebereichsgrenze verletzt"
"Spindle in setpoint range","Spindel im Sollbereich"
"Speed monitoring","Drehzahlüberwachung"
"Actual rotation direction right","Istdrehrichtung rechts"
"Const. cutting speed active","konst. Schnittgeschwindigleit aktiv"
"SUG active (grinding wheel surface speed)","SUG aktiv"
"CLG active","Spitzenloses Schleifen (CLG) aktiv"
"Tapping without compensating chuck","Gewindebohren ohne Ausgleichsfutter"
"Synchronous mode spindle active","Synchronbetrieb Spindel aktiv"
"Positioning mode spindle active","Positionierbetrieb Spindel aktiv"
"Oscillation mode spindle active","Pendelbetrieb Spindel aktiv"
"Control mode spindle active","Steuerbetrieb Spindel aktiv"
"M function (INT) for spindle","M-Funktion (Int) für Spindel"
"S function (REAL) for spindle","S-Funktion (Real) für Spindel"
"Run-up encoder disable active","Hochlaufgebersperre aktiv"
"Speed setpoint smoothing active","Drehzahlsollwertglättung aktiv"
"Active parameter set A","aktiver Parametersatz A"
"Active parameter set B","aktiver Parametersatz B"
"Active parameter set C","aktiver Parametersatz C"
"Active motor A","aktiver Motor A"
"Active motor B","aktiver Motor B"
"Drive ready","Drive-Ready"
"n controller integrator disabled","Integrator n-Regler gesperrt"
"Pulses enabled","Impulse freigegeben"
"Temperature prewarning motor","Temperaturvorwarnung Motor"
"Temperature prewarning heat sink","Temperaturvorwarnung Kühlkörper"
"Ramp-up complete","Hochlaufvorgang beendet"
"Md<Mdx","Md<Mdx"
"nact<nmin","nist<nmin"
"nact<nx","nist<nx"
"Variable message function","variable Meldefunktion"
"UDC-link < alarm threshold","UZK < Warnschwelle"
"Error spindle monitoring","Fehler Drehüberwachung"
"Master/ slave active","Master/ Slave aktive"
"Synchronism fine","Synchronlauf fein"
"Synchronism coarse","Synchronlauf grob"
"Actual value coupling","Istwertkopplung"
"Overlaid motion","überlagerte Bewegung"
"Speed warning limit reached","Drehzahl Warnschwelle erreicht"
"Acceleration warning limit reached","Beschl.-Warn- Schwelle erreicht"
"Emergency retraction active","Notrückzug aktiv"
"Master spindle","Leitspindel"
"Slave spindle","Folgespindel"
"Axis accelerated","Achse beschleunigt"
"Synchronization active","Synchtonisation läuft"
"Max speed reached","max Drehzahl erreicht"
"Max acceleration reached","max. Beschl erreicht"
"Oscillation cannot start","Pendeln nicht startbar"
"Error during oscillation","Fehler während Pendelbewegung"
"Spark-out active","Ausfeuern aktiv"
"Oscillation motion active","Pendelbewegung aktiv"
"Oscillation active","Pendeln aktiv"
"Gantry cut-off limit exceeded","Gantry-Abschaltgrenze überschritten"
"Gantry warning limit exceeded","Gantry-Warnschwelle überschritten"
"Synchronization run ready to start","Synchronisationslauf startbereit"
"Gantry grouping is synchronous","Gantry-Verbund ist synchron"
"Gantry leading axis","Gantry-Führungsachse"
"Gantry axis","Gantry-Achse"
"Active infeed axis[1..31]","aktive Zustellachse [1..31]"
"Active SG/SBH","sichere Geschw. oder Stillstand aktiv"
"Delete pulses NCK","Impulse über ext. Beschaltung löschen"
"Axis safely referenced","Achse sicher referenziert"
"Actual position > cam position SN1+","Istposition > Nockenposition SC1+"
"Actual position > cam position SN1-","Istposition > Nockenposition SC1-"
"Actual position > cam position SN2+","Istposition > Nockenposition SC2+"
"Actual position > cam position SN2-","Istposition > Nockenposition SC2-"
"Actual position > cam position SN3+","Istposition > Nockenposition SC3+"
"Actual position > cam position SN3-","Istposition > Nockenposition SC3-"
"Actual position > cam position SN4+","Istposition > Nockenposition SC4+"
"Actual position > cam position SN4-","Istposition > Nockenposition SC4-"
"Active SBH","SBH aktiv"
"Active SG 0","aktive SG 0"
"Active SG 1","aktive SG 1"
"n < nx","n < nx"
"Stop A/B active","Stop A/B aktive"
"Stop C active","Stop C aktive"
"Stop D active","Stop D aktive"
"Stop E active","Stop E aktive"
"Interface [no.] active ","Schnittstelle aktiv"
"Assigned channel","zugeordneter Kanal"
"Tool management no.","Werkzeugverwaltungs-Nr."
"Unassigned parameter 1","freier Parameter 1"
"Unassigned parameter 2","freier Parameter 2"
"Unassigned parameter 3","freier Parameter 3"
"Identification for loading/unloading station","Kennung für Be-/Entladestelle (Int),"
"No. of loading station","Nr. der Beladestelle"
"Magazine no. (source) for unloading/reloading/pos.","Magazin-Nr. (Quelle) für Entladen/Umladen"
"Location no. (source) for unloading/reloading/pos.","Platz-Nr. (Quelle) für Entladen/Umladen"
"Magazine no. (target) for loading/reloading","Magazin-Nr. (Ziel) für Beladen/Umsetzen/Positionieren"
"Location no. (target) for loading/reloading","Platz-Nr. (Ziel) für Beladen/Umladen/Positionieren"
"HMI Data: Without Magazine Moving","HMI-Daten: Be-/Entladen ohne Magazinbewegung"
"Compulsory change","Wechselpflicht"
"Perform change","Wechsel druchführen"
"Prepare change","Wechsel vorbereiten"
"T0 programmed","T0 programmiert"
"ZWS No. of Old Tool in DBW (n+42)","AltWZ in ZWS-Nr. (n+42)"
"Put in Tool in Spindle manual","Handwerkzeug einwechseln"
"Get out Tool from Spindle manual","Handwerkzeug auswechseln"
"Buffer identification (fixed value 9998)","Zwischenspeicher-Kennung (Int), (fester Wert 9998)"
"Relative location (target) in the buffer","relativer Platz (Ziel bzw. Quelle) im Zwischenspeicher"
"Magazine no. (source) for new tool","Magazin-Nr. (Quelle) für neues Werkzeug"
"Location no. (source) for new tool","Platz-Nr. (Quelle) für neues Werkzeug"
"Magazine no. (target) for old tool","Magazin-Nr. (Ziel) für altes Werkzeug"
"Location no. (target) for old tool","Platz-Nr. (Ziel) für altes Werkzeug"
"Tool new: location type","Werkzeug neu: Platztyp"
"Tool new: size left","Werkzeug neu: Größe links"
"Tool new: size right","Werkzeug neu: Größe rechts"
"Tool new: size top","Werkzeug neu: Größe oben"
"Tool new: size bottom","Werkzeug neu: Größe unten"
"Active tool","aktives Werkzeug"
"Tool enabled","Werkzeug freigegeben"
"Tool disabled","Werkzeug gesperrt"
"Tool measured","Werkzeug vermessen"
"Prewarning limit reached","Vorwarngrenze erreicht"
"Tool fixed location coded","Werkzeugfestplatz cod."
"Tool new: T no.","Werkzeug neu: T-Nr."
"ZWS No. of Old Tool","Zwischenspeicherplatz des Altwerkzeugs"
"Reserved (buffer identification)","reserviert (Speicher-Identifikation)"
"Rel. location in buffer (res.)","rel. Speicherplatz (res.)"
"Magazine no. of turret","Magazin-Nr. des Revolver"
"Location no. for new tool","Platz-Nr. des neuen Werkzeugs"
"Magazine no. of turret (res.)","Magazin-Nr. des Revolver (res.)"
"Location no. for old tool","Platz-Nr. des alten Werkzeugs"
"data for the Basic program","Belegung durch das Grundprogramm"
"Interrupt from NCK","Interrupt vom NCK"
"Toolmanagment","Toolmanagment"
"InPos Signal from FC15,16,18","InPos Signal vom FC15,16,18"
"auxiliary functions","Hilfsfunktionen"
"not used
Insert User-data from here","nicht benutzt
HIER ANWENDER-Lokaldaten EINFUEGEN"
"Channel 1-8 ever 18 Bits","Kanal 1-8 je 18 Bits"
"18 Axes/Spindles ever 2 Bit","18 Achsen/Spindel je 2 Bit"
"10 User data area ever 8 Bit (Begin: DBB23)","10 Anwenderbereiche je 8 Bit (Anfang: DBB23)"
"for TM, number of Magazine","fuer WZV, Anzahl Magazine"
"32 Magazine, possibly ever 5 Byte + Spindle","32 Magazine moeglich je 5 Byte + Spindel"
"used external SPL-Inputbytes(HW)","benutze externer SPL Eingangsbytes (HW)"
"used external SPL-Outputbytes(HW)","benutze externer SPL-Ausgangsbytes (HW)"
"Addresses external SPL-Inputbytes(HW)","Adressen externer SPL-Inputbytes (HW)"
"Addresses external SPL-Outputbytes(HW)","Adressen externer SPL-Outputbytes (HW)"
"setup finished","Setup beendet"
"0= Stop D, 1=Stop E","0= Stop D, 1=Stop E"
"edge difference NCK - PLC for Diagnostic","Differenz NCK - PLC für Diagnose"
"multiplication of Timeout Value by Factor 10         ","Zeitüberwachungswert mit Faktor 10"
"for future use","für zukünftige Benutzung"
"Communication Timeout","Zeitüberwachung Kommunikation"
"Status: 0 - no error, 1 - 320 error number","Status: 0 - kein Fehler, 1 - 320 Fehlernummer"
"stacklevel SPL-KDV for Diagnostic               ","Stacklevel SPL-KDV für Diagnose"
"Single Channel Signals from NCK","Einzelkanal Signale vom NCK"
"Single Channel Signals to NCK","Einzelkanal Signale zum NCK"
"SPL Status from NCK","SPL Status vom NCK"
"external SPL-Inputbytes(HW) with PROFIsafe Slaves","externe SPL-Eingangsbytes (HW) mit PROFIsafe Slaves"
"external SPL-Outputbytes(HW) with PROFIsafe Slaves","externe SPL-Ausgangsbytes (HW) mit PROFIsafe Slaves"
"Pointer and Tables for Teststop","Zeiger und Tabelle für Teststop"
"No. of Revolver, who had positioned","Nummer des Revolvers, der positioniert wurde"
"0 = no error","0 = keine Fehler"
"If TRUE signals will act upon user interface- channel/axis DB's","bei TRUE werden Signale an Anwender-Schnittstelle uebertragen"
"Display-line number, if value=3 text will be automatically wrapped","Display-Zeile, bei Wert = 3 wird die Zeile automatisch umgeschaltet"
"Enter at least String[32]","mindestens String[32] uebergeben"
"Activate number formatting","Zahlenwandlung aktivieren"
"Pointer to  Variable, which will be converted","Zeigt auf Variable, die konvertiert wird"
"Data type of the Variable","DatenTyp der Variablen"
"Right justified string address. 1..32","rechtsbuendige Stringadr. 1..32"
"Conversion or String error ","Konvertierungs- oder Stringfehler"
"Y or star = 0, Delta = 1","Stern = 0, Dreieck = 1"
"Spindle interface ","Spindel-Interface"
"Time value","Zeitwert"
"Timer, specified by user","Timer des Anwenders"
"Output to ""Y"" or start contactor","Stern-Schuetz"
"Output to delta contactor","Dreieck-Schuetz"
"Which BAG (Op. Mode Group)receives the selected operating mode"," BAG-Nr in die die BA uebertragen werden"
"To which channel should the signals be sent"," Kanal-Nr in den die Signale uebertragen werden"
"Which axis interface is the spindle"," Nummer der Achsnahtstelle die Spindel ist"
"Feed Hold latching","Vorschub Halt selbsthaltend"
"Spindle Stop latching","Spindel Halt selbsthaltend"
"Spindle rotation + = 0, - = 1","Spindel Dreh + = 0, - = 1"
"0 - no MCP
1 - 1 MCP (default)
2 - 2 MCP's","0 - keine MSTT
1 - MSTT1 (default)
2 - MSTT2"
"default","default"
"Start edge trigger","Startflanke"
"Name String of Variable","NamenString der Variablen"
"Area (NCK = 0, Channel = 2)","Bereich (NCK = 0, Kanal = 2)"
"Unit","Einheit"
"Field index 1","Feldindex 1"
"Field index 2","Feldindex 2"
"Conversion to 10 Byte Token","Umsetzung in 10 Byte Token"
"Struct with 10 Byte","Struct mit 10 Byte"
" Acknowledge alarms","Quittierung Alarme"
" Mixed mode with non-M to N capable OP's deactivated!","Mischbetrieb mit einem nicht M zu N fähigen OP"
" No Function, use MMCx_SHIFT_LOCK","Bedienfeld aktiv / passiv Umschaltung aktivieren"
" Activate machine control panel switchover","MSTT Umschaltung aktivieren"
" Alarm: Error HMI-Bus address, Bustype!","Alarm: Fehler MMC–Busadresse, Bustyp!"
" Alarm: No confirmation HMI1 offline!","Alarm: Keine Bestätigung MMC1 offline!"
" Alarm: HMI1 won't go offline!","Alarm: MMC1 geht nicht offline!"
" Alarm: No confirmation HMI2 offline!","Alarm: Keine Bestätigung MMC2 offline!"
" Alarm: HMI2 won't go offline!","Alarm: MMC2 geht nicht offline!"
" Alarm: Polling-HMI won't go online!","Alarm: Anklopf–MMC geht nicht online!"
" Message:Sign of life monitoring  ","Meldung: Lebenszeichenüberwachung MMC"
" Timeout by Switchover HMI","Fehlererkennung MMC"
"Input 1   ","Eingang 1"
"Input 2    ","Eingang 2"
"Input 3    ","Eingang 3"
"Quit1 Signal    ","QuittierEingang 1"
"Quit2 Signal    ","QuittierEingang 2"
"TimeValue for Output 1         ","Zeit–Wert 1 für Ausschaltverzögerung"
"TimeValue for Output 2         ","Zeit–Wert 2 für Ausschaltverzögerung"
"TimeValue for Output 3         ","Zeit–Wert 3 für Ausschaltverzögerung"
"Output without Delay        ","Ausgang unverzögert"
"Delayed Output to False by Timer 1         ","Ausgang verzögert mit TimeValue1"
"Delayed Output to False by Timer 2","Ausgang verzögert mit TimeValue2"
"Delayed Output to False by Timer 3","Ausgang verzögert mit TimeValue3"
"True by User after 1. Start of SPL","Aktivierung der Grundstellung"
"Start for Braketest","Start des Bremsentests"
"Quit Error","Fehler Quittierung"
"brake closed input(single channel - PLC)","Rückmeldeeingang ob Bremse schließen angesteuert ist (einkanalig ?PLC)"
"testing axisno.","Achsnummer der zu testenden Achse"
"Timer from User","Timer aus Anwenderprogramm"
"TimeValue -> braketest activ","Überwachungs–Zeitwert ? Bremsentest aktiv"
"TimeValue -> close Brake","Überwachungs–Zeitwert ? Bremse schliessen"
"TimeValue -> force FeedCommand","Überwachungs–Zeitwert ? Fahrbefehl ausgegeben"
"TimeValue -> Fixed stop reached","Überwachungs–Zeitwert ? Festanschlag erreicht"
"TimeValue -> test brake","Überwachungs–Zeitwert ? Bremse testen"
"Signal Close brake","Anforderung für Bremse schließen"
"do move axis","Anforderung Verfahrbewegung anstossen"
"Errorbyte","Fehlerstatus"
